I""<h4 id="基本">基本</h4>

<p><a href="https://www.php.cn/manual/view/34943.html">git中文手册</a><br />
<a href="https://www.yiibai.com/git">易百</a></p>

<p>当前代码放入缓存区做准备:</p>

<div class="language-plaintext highlighter-rouge"><div class="highlight"><pre class="highlight"><code>git add ./
</code></pre></div></div>
<p>提交到本地并注释(wu):</p>

<div class="language-plaintext highlighter-rouge"><div class="highlight"><pre class="highlight"><code>git commit -m wu
</code></pre></div></div>
<p>推送到远程服务器:</p>

<div class="language-plaintext highlighter-rouge"><div class="highlight"><pre class="highlight"><code>git push origin yangzhou
</code></pre></div></div>

<p>切换分支:</p>

<div class="language-plaintext highlighter-rouge"><div class="highlight"><pre class="highlight"><code>git checkout yangzhou
</code></pre></div></div>

<p>切换之后更新一下分支:</p>

<div class="language-plaintext highlighter-rouge"><div class="highlight"><pre class="highlight"><code>git pull origin yangzhou
</code></pre></div></div>

<blockquote>
  <p>注意：切换分支前先提交一下</p>
</blockquote>

<p>拉取远程分支(拉取所有新的)</p>

<div class="language-plaintext highlighter-rouge"><div class="highlight"><pre class="highlight"><code>git fetch
</code></pre></div></div>

<p>拉取远程制定分支</p>

<div class="language-plaintext highlighter-rouge"><div class="highlight"><pre class="highlight"><code>git fetch origin XXX
</code></pre></div></div>

<h4 id="新用户初次">新用户初次</h4>

<p>配置</p>
<div class="language-plaintext highlighter-rouge"><div class="highlight"><pre class="highlight"><code>//新用户 初次连接仓库
git config --global user.name "Firstname Lastname"
git config --global user.email "your_email@youremail.com"
</code></pre></div></div>

<h4 id="新工程">新工程</h4>

<ol>
  <li>创建桌面文件夹 <code class="language-plaintext highlighter-rouge">cd ……</code></li>
  <li>初始化 <code class="language-plaintext highlighter-rouge">git init</code></li>
  <li>放入缓存区 <code class="language-plaintext highlighter-rouge">git add ./</code></li>
  <li>第一次提交 <code class="language-plaintext highlighter-rouge">git commit -m first</code></li>
  <li>关联仓库 <code class="language-plaintext highlighter-rouge">git remote add origin 远程地址</code></li>
  <li>强制提交 <code class="language-plaintext highlighter-rouge">git push -f origin master</code></li>
</ol>

<h4 id="克隆某一个">克隆某一个</h4>

<div class="language-plaintext highlighter-rouge"><div class="highlight"><pre class="highlight"><code>cd /Users/apple/Desktop/直播
git clone -b JinShanThird 远程仓库地址
</code></pre></div></div>

<h4 id="放弃本地拉取远程最新">放弃本地、拉取远程最新</h4>

<div class="language-plaintext highlighter-rouge"><div class="highlight"><pre class="highlight"><code>git reset --hard origin/master    //origin/master替换为要拉取的远程分支名称
git add ./
git commit -m XXX
git pull
</code></pre></div></div>

<h4 id="命令行执行-git-branch-就进入编辑状态">命令行执行 <code class="language-plaintext highlighter-rouge">git branch</code> 就进入编辑状态</h4>

<p>解决方案:</p>
<div class="language-plaintext highlighter-rouge"><div class="highlight"><pre class="highlight"><code>git config --global core.pager mor
</code></pre></div></div>

<h4 id="pod更新索引">pod更新索引</h4>

<p>更新索引、移除索引</p>

<div class="language-plaintext highlighter-rouge"><div class="highlight"><pre class="highlight"><code>pod repo update
pod repo update --verbose //是打印详细信息.
pod install --verbose --no-repo-update

pod repo remove trunk
rm ~/Library/Caches/CocoaPods/search_index.json
</code></pre></div></div>

<h4 id="查询命令">查询命令</h4>

<div class="language-plaintext highlighter-rouge"><div class="highlight"><pre class="highlight"><code>grep -r --colour "tx123" /Users/yb007/Library/MobileDevice/Provisioning\ Profiles
</code></pre></div></div>

<h4 id="移除">移除</h4>

<div class="language-plaintext highlighter-rouge"><div class="highlight"><pre class="highlight"><code>lipo -remove i386 tracking -o tracking 
lipo -remove x86_64 tracking -o tracking 
</code></pre></div></div>

<h4 id="记录">记录</h4>
<div class="language-plaintext highlighter-rouge"><div class="highlight"><pre class="highlight"><code>git log
git log --oneline
git reflog

#暂存区和远程
git show xxx
git show -s

#工作区和暂存区状态
git status

#工作区和暂存区不同
git diff
</code></pre></div></div>
<h4 id="确认是否已提交远程仓库">确认是否已提交远程仓库</h4>
<p><strong>如何确定代码已经提交远程:</strong><br />
1.首先根据<code class="language-plaintext highlighter-rouge">git status</code>/<code class="language-plaintext highlighter-rouge">git diff</code>判定<code class="language-plaintext highlighter-rouge">工作区</code>和<code class="language-plaintext highlighter-rouge">暂存区</code>是否同步;<br />
2.利用<code class="language-plaintext highlighter-rouge">git show -s</code>再次判定<code class="language-plaintext highlighter-rouge">暂存区</code>是否提交远程;</p>
<blockquote>
  <p>注意:<br />
1.<code class="language-plaintext highlighter-rouge">git status</code>在主干可以确定是否是否有未提交到远程的代码;在子分支不可以区分;<br />
2.不能直接使用<code class="language-plaintext highlighter-rouge">git show -s</code>来判断是否提交远程,因为有可能<code class="language-plaintext highlighter-rouge">工作区</code>的改动都没有同步到<code class="language-plaintext highlighter-rouge">暂存区</code>;因此需要先执行第一步.</p>
</blockquote>

<p><strong>关于<code class="language-plaintext highlighter-rouge">git status</code>的总结:</strong></p>
<div class="language-plaintext highlighter-rouge"><div class="highlight"><pre class="highlight"><code>主干分支提示 `能够区分是否有需要提交,但未提交远程的改动`  

//未提交  
blog [master] % git status 
On branch master
Your branch is ahead of 'origin/master' by 1 commit.
  (use "git push" to publish your local commits)

//已提交
blog [master] % git status 
On branch master
Your branch is up to date with 'origin/master'.

</code></pre></div></div>
<blockquote>
  <p>在子分支会提示如下信息 <code class="language-plaintext highlighter-rouge">无法区分是否有需要提交远程子分支的改动</code></p>
  <div class="language-plaintext highlighter-rouge"><div class="highlight"><pre class="highlight"><code>On branch YBLove220421
nothing to commit, working tree clean
</code></pre></div>  </div>
</blockquote>

<p><strong>关于<code class="language-plaintext highlighter-rouge">git show -s</code>的总结:</strong><br />
未提交远程状态:<code class="language-plaintext highlighter-rouge">(HEAD -&gt; YBLove220421)</code></p>
<div class="language-plaintext highlighter-rouge"><div class="highlight"><pre class="highlight"><code>YBHiMo [YBLove220421] % git show -s
error: cannot run mor: No such file or directory
commit d3211c61865ef7437953643fe66cc86263f73dbf (HEAD -&gt; YBLove220421)
Author: yuan &lt;yzyuan920@163.com&gt;
Date:   Fri May 27 10:40:31 2022 +0800

    刘海屏水印位置修复
</code></pre></div></div>
<p>已提交远程状态:<code class="language-plaintext highlighter-rouge">(HEAD -&gt; YBLove220421, origin/YBLove220421)</code></p>
<div class="language-plaintext highlighter-rouge"><div class="highlight"><pre class="highlight"><code>YBHiMo [YBLove220421] % git show -s
error: cannot run mor: No such file or directory
commit d3211c61865ef7437953643fe66cc86263f73dbf (HEAD -&gt; YBLove220421, origin/YBLove220421)
Author: yuan &lt;yzyuan920@163.com&gt;
Date:   Fri May 27 10:40:31 2022 +0800

    刘海屏水印位置修复
</code></pre></div></div>

<h4 id="更换检查远程链接方式">更换、检查远程链接方式</h4>
<div class="language-plaintext highlighter-rouge"><div class="highlight"><pre class="highlight"><code>// 将https更换为ssh
git remote set-url origin git@github.com:xxx/xxx.git

// 检查
git remote -v
</code></pre></div></div>

<h4 id="通信协议">通信协议</h4>
<p>拉取<code class="language-plaintext highlighter-rouge">git</code>仓库提示:</p>
<div class="language-plaintext highlighter-rouge"><div class="highlight"><pre class="highlight"><code>HTTP/2 stream 1 was not closed cleanly before end of the underlying stream.
</code></pre></div></div>

<p>可改为1.1</p>
<div class="language-plaintext highlighter-rouge"><div class="highlight"><pre class="highlight"><code>git config --global http.version HTTP/1.1
</code></pre></div></div>

:ET